2026-06-20T16:19:00.131+03:00  INFO 1252 --- [hotelhub] [main] c.example.hotelhub.HotelhubApplication   : Starting HotelhubApplication using Java 21.0.10 with PID 1252 (C:\Users\Eren\Desktop\Projelerim Back-End\hotelhub\build\classes\java\main started by Eren in C:\Users\Eren\Desktop\Projelerim Back-End\hotelhub)
2026-06-20T16:19:00.133+03:00  INFO 1252 --- [hotelhub] [main] c.example.hotelhub.HotelhubApplication   : No active profile set, falling back to 1 default profile: "default"
2026-06-20T16:19:00.591+03:00  INFO 1252 --- [hotelhub] [main] .s.d.r.c.RepositoryConfigurationDelegate : Multiple Spring Data modules found, entering strict repository configuration mode
2026-06-20T16:19:00.593+03:00  INFO 1252 --- [hotelhub] [main] .s.d.r.c.RepositoryConfigurationDelegate : Bootstrapping Spring Data JPA repositories in DEFAULT mode.
2026-06-20T16:19:00.696+03:00  INFO 1252 --- [hotelhub] [main] .s.d.r.c.RepositoryConfigurationDelegate : Finished Spring Data repository scanning in 93 ms. Found 4 JPA repository interfaces.
2026-06-20T16:19:00.726+03:00  INFO 1252 --- [hotelhub] [main] .s.d.r.c.RepositoryConfigurationDelegate : Multiple Spring Data modules found, entering strict repository configuration mode
2026-06-20T16:19:00.726+03:00  INFO 1252 --- [hotelhub] [main] .s.d.r.c.RepositoryConfigurationDelegate : Bootstrapping Spring Data Redis repositories in DEFAULT mode.
2026-06-20T16:19:00.738+03:00  INFO 1252 --- [hotelhub] [main] .RepositoryConfigurationExtensionSupport : Spring Data Redis - Could not safely identify store assignment for repository candidate interface com.example.hotelhub.repository.BookingRepository; If you want this repository to be a Redis repository, consider annotating your entities with one of these annotations: org.springframework.data.redis.core.RedisHash (preferred), or consider extending one of the following types with your repository: org.springframework.data.keyvalue.repository.KeyValueRepository
2026-06-20T16:19:00.740+03:00  INFO 1252 --- [hotelhub] [main] .RepositoryConfigurationExtensionSupport : Spring Data Redis - Could not safely identify store assignment for repository candidate interface com.example.hotelhub.repository.HotelRepository; If you want this repository to be a Redis repository, consider annotating your entities with one of these annotations: org.springframework.data.redis.core.RedisHash (preferred), or consider extending one of the following types with your repository: org.springframework.data.keyvalue.repository.KeyValueRepository
2026-06-20T16:19:00.740+03:00  INFO 1252 --- [hotelhub] [main] .RepositoryConfigurationExtensionSupport : Spring Data Redis - Could not safely identify store assignment for repository candidate interface com.example.hotelhub.repository.RoomRepository; If you want this repository to be a Redis repository, consider annotating your entities with one of these annotations: org.springframework.data.redis.core.RedisHash (preferred), or consider extending one of the following types with your repository: org.springframework.data.keyvalue.repository.KeyValueRepository
2026-06-20T16:19:00.740+03:00  INFO 1252 --- [hotelhub] [main] .RepositoryConfigurationExtensionSupport : Spring Data Redis - Could not safely identify store assignment for repository candidate interface com.example.hotelhub.repository.UserRepository; If you want this repository to be a Redis repository, consider annotating your entities with one of these annotations: org.springframework.data.redis.core.RedisHash (preferred), or consider extending one of the following types with your repository: org.springframework.data.keyvalue.repository.KeyValueRepository
2026-06-20T16:19:00.740+03:00  INFO 1252 --- [hotelhub] [main] .s.d.r.c.RepositoryConfigurationDelegate : Finished Spring Data repository scanning in 7 ms. Found 0 Redis repository interfaces.
2026-06-20T16:19:01.090+03:00  INFO 1252 --- [hotelhub] [main] o.s.boot.tomcat.TomcatWebServer          : Tomcat initialized with port 8080 (http)
2026-06-20T16:19:01.099+03:00  INFO 1252 --- [hotelhub] [main] o.apache.catalina.core.StandardService   : Starting service [Tomcat]
2026-06-20T16:19:01.100+03:00  INFO 1252 --- [hotelhub] [main] o.apache.catalina.core.StandardEngine    : Starting Servlet engine: [Apache Tomcat/11.0.20]
2026-06-20T16:19:01.132+03:00  INFO 1252 --- [hotelhub] [main] b.w.c.s.WebApplicationContextInitializer : Root WebApplicationContext: initialization completed in 966 ms
2026-06-20T16:19:01.214+03:00  INFO 1252 --- [hotelhub] [main] org.hibernate.orm.jpa                    : HHH008540: Processing PersistenceUnitInfo [name: default]
2026-06-20T16:19:01.245+03:00  INFO 1252 --- [hotelhub] [main] org.hibernate.orm.core                   : HHH000001: Hibernate ORM core version 7.2.7.Final
2026-06-20T16:19:01.519+03:00  INFO 1252 --- [hotelhub] [main] o.s.o.j.p.SpringPersistenceUnitInfo      : No LoadTimeWeaver setup: ignoring JPA class transformer
2026-06-20T16:19:01.539+03:00  INFO 1252 --- [hotelhub] [main] com.zaxxer.hikari.HikariDataSource       : HikariPool-1 - Starting...
2026-06-20T16:19:01.641+03:00  INFO 1252 --- [hotelhub] [main] com.zaxxer.hikari.pool.HikariPool        : HikariPool-1 - Added connection org.postgresql.jdbc.PgConnection@6a0c7af6
2026-06-20T16:19:01.642+03:00  INFO 1252 --- [hotelhub] [main] com.zaxxer.hikari.HikariDataSource       : HikariPool-1 - Start completed.
2026-06-20T16:19:01.686+03:00  INFO 1252 --- [hotelhub] [main] org.hibernate.orm.connections.pooling    : HHH10001005: Database info:
	Database JDBC URL [jdbc:postgresql://localhost:5432/hotelHub]
	Database driver: PostgreSQL JDBC Driver
	Database dialect: PostgreSQLDialect
	Database version: 18.3
	Default catalog/schema: hotelHub/public
	Autocommit mode: undefined/unknown
	Isolation level: READ_COMMITTED [default READ_COMMITTED]
	JDBC fetch size: none
	Pool: DataSourceConnectionProvider
	Minimum pool size: undefined/unknown
	Maximum pool size: undefined/unknown
2026-06-20T16:19:02.412+03:00  INFO 1252 --- [hotelhub] [main] org.hibernate.orm.core                   : HHH000489: No JTA platform available (set 'hibernate.transaction.jta.platform' to enable JTA platform integration)
2026-06-20T16:19:02.469+03:00  INFO 1252 --- [hotelhub] [main] j.LocalContainerEntityManagerFactoryBean : Initialized JPA EntityManagerFactory for persistence unit 'default'
2026-06-20T16:19:02.505+03:00  INFO 1252 --- [hotelhub] [main] o.s.d.j.r.query.QueryEnhancerFactories   : Hibernate is in classpath; If applicable, HQL parser will be used.
2026-06-20T16:19:02.603+03:00  WARN 1252 --- [hotelhub] [main] JpaBaseConfiguration$JpaWebConfiguration : spring.jpa.open-in-view is enabled by default. Therefore, database queries may be performed during view rendering. Explicitly configure spring.jpa.open-in-view to disable this warning
2026-06-20T16:19:03.142+03:00  INFO 1252 --- [hotelhub] [main] eAuthenticationProviderManagerConfigurer : Global AuthenticationManager configured with AuthenticationProvider bean with name authenticationProvider
2026-06-20T16:19:03.143+03:00  WARN 1252 --- [hotelhub] [main] r$InitializeUserDetailsManagerConfigurer : Global AuthenticationManager configured with an AuthenticationProvider bean. UserDetailsService beans will not be used by Spring Security for automatically configuring username/password login. Consider removing the AuthenticationProvider bean. Alternatively, consider using the UserDetailsService in a manually instantiated DaoAuthenticationProvider. If the current configuration is intentional, to turn off this warning, increase the logging level of 'org.springframework.security.config.annotation.authentication.configuration.InitializeUserDetailsBeanManagerConfigurer' to ERROR
2026-06-20T16:19:03.645+03:00  INFO 1252 --- [hotelhub] [main] o.s.boot.tomcat.TomcatWebServer          : Tomcat started on port 8080 (http) with context path '/'
2026-06-20T16:19:03.649+03:00  INFO 1252 --- [hotelhub] [main] c.example.hotelhub.HotelhubApplication   : Started HotelhubApplication in 3.806 seconds (process running for 4.195)
2026-06-20T16:19:10.892+03:00  INFO 1252 --- [hotelhub] [http-nio-8080-exec-2] o.a.c.c.C.[Tomcat].[localhost].[/]       : Initializing Spring DispatcherServlet 'dispatcherServlet'
2026-06-20T16:19:10.892+03:00  INFO 1252 --- [hotelhub] [http-nio-8080-exec-2] o.s.web.servlet.DispatcherServlet        : Initializing Servlet 'dispatcherServlet'
2026-06-20T16:19:10.893+03:00  INFO 1252 --- [hotelhub] [http-nio-8080-exec-2] o.s.web.servlet.DispatcherServlet        : Completed initialization in 1 ms
2026-06-20T16:19:11.139+03:00  INFO 1252 --- [hotelhub] [http-nio-8080-exec-2] c.e.h.service.impl.HotelServiceImpl      : Hotel search triggered for city: Istanbul with page: 0
2026-06-20T16:19:17.628+03:00  INFO 1252 --- [hotelhub] [http-nio-8080-exec-9] c.e.h.service.impl.HotelServiceImpl      : Hotel search triggered for city: Ankara with page: 0
2026-06-20T16:34:52.890+03:00  INFO 1252 --- [hotelhub] [SpringApplicationShutdownHook] o.s.boot.tomcat.GracefulShutdown         : Commencing graceful shutdown. Waiting for active requests to complete
2026-06-20T16:34:52.900+03:00  INFO 1252 --- [hotelhub] [tomcat-shutdown] o.s.boot.tomcat.GracefulShutdown         : Graceful shutdown complete
2026-06-20T16:34:52.913+03:00  INFO 1252 --- [hotelhub] [SpringApplicationShutdownHook] j.LocalContainerEntityManagerFactoryBean : Closing JPA EntityManagerFactory for persistence unit 'default'
2026-06-20T16:34:52.914+03:00  INFO 1252 --- [hotelhub] [SpringApplicationShutdownHook] com.zaxxer.hikari.HikariDataSource       : HikariPool-1 - Shutdown initiated...
2026-06-20T16:34:52.916+03:00  INFO 1252 --- [hotelhub] [SpringApplicationShutdownHook] com.zaxxer.hikari.HikariDataSource       : HikariPool-1 - Shutdown completed.
2026-06-20T16:34:58.273+03:00  INFO 8720 --- [hotelhub] [main] c.example.hotelhub.HotelhubApplication   : Starting HotelhubApplication using Java 21.0.10 with PID 8720 (C:\Users\Eren\Desktop\Projelerim Back-End\hotelhub\build\classes\java\main started by Eren in C:\Users\Eren\Desktop\Projelerim Back-End\hotelhub)
2026-06-20T16:34:58.275+03:00  INFO 8720 --- [hotelhub] [main] c.example.hotelhub.HotelhubApplication   : No active profile set, falling back to 1 default profile: "default"
2026-06-20T16:34:58.741+03:00  INFO 8720 --- [hotelhub] [main] .s.d.r.c.RepositoryConfigurationDelegate : Bootstrapping Spring Data JPA repositories in DEFAULT mode.
2026-06-20T16:34:58.785+03:00  INFO 8720 --- [hotelhub] [main] .s.d.r.c.RepositoryConfigurationDelegate : Finished Spring Data repository scanning in 39 ms. Found 4 JPA repository interfaces.
2026-06-20T16:34:59.112+03:00  INFO 8720 --- [hotelhub] [main] o.s.boot.tomcat.TomcatWebServer          : Tomcat initialized with port 8080 (http)
2026-06-20T16:34:59.121+03:00  INFO 8720 --- [hotelhub] [main] o.apache.catalina.core.StandardService   : Starting service [Tomcat]
2026-06-20T16:34:59.121+03:00  INFO 8720 --- [hotelhub] [main] o.apache.catalina.core.StandardEngine    : Starting Servlet engine: [Apache Tomcat/11.0.20]
2026-06-20T16:34:59.153+03:00  INFO 8720 --- [hotelhub] [main] b.w.c.s.WebApplicationContextInitializer : Root WebApplicationContext: initialization completed in 845 ms
2026-06-20T16:34:59.248+03:00  INFO 8720 --- [hotelhub] [main] org.hibernate.orm.jpa                    : HHH008540: Processing PersistenceUnitInfo [name: default]
2026-06-20T16:34:59.281+03:00  INFO 8720 --- [hotelhub] [main] org.hibernate.orm.core                   : HHH000001: Hibernate ORM core version 7.2.7.Final
2026-06-20T16:34:59.571+03:00  INFO 8720 --- [hotelhub] [main] o.s.o.j.p.SpringPersistenceUnitInfo      : No LoadTimeWeaver setup: ignoring JPA class transformer
2026-06-20T16:34:59.593+03:00  INFO 8720 --- [hotelhub] [main] com.zaxxer.hikari.HikariDataSource       : HikariPool-1 - Starting...
2026-06-20T16:34:59.690+03:00  INFO 8720 --- [hotelhub] [main] com.zaxxer.hikari.pool.HikariPool        : HikariPool-1 - Added connection org.postgresql.jdbc.PgConnection@1a06602f
2026-06-20T16:34:59.692+03:00  INFO 8720 --- [hotelhub] [main] com.zaxxer.hikari.HikariDataSource       : HikariPool-1 - Start completed.
2026-06-20T16:34:59.733+03:00  INFO 8720 --- [hotelhub] [main] org.hibernate.orm.connections.pooling    : HHH10001005: Database info:
	Database JDBC URL [jdbc:postgresql://localhost:5432/hotelHub]
	Database driver: PostgreSQL JDBC Driver
	Database dialect: PostgreSQLDialect
	Database version: 18.3
	Default catalog/schema: hotelHub/public
	Autocommit mode: undefined/unknown
	Isolation level: READ_COMMITTED [default READ_COMMITTED]
	JDBC fetch size: none
	Pool: DataSourceConnectionProvider
	Minimum pool size: undefined/unknown
	Maximum pool size: undefined/unknown
2026-06-20T16:35:00.456+03:00  INFO 8720 --- [hotelhub] [main] org.hibernate.orm.core                   : HHH000489: No JTA platform available (set 'hibernate.transaction.jta.platform' to enable JTA platform integration)
2026-06-20T16:35:00.515+03:00  INFO 8720 --- [hotelhub] [main] j.LocalContainerEntityManagerFactoryBean : Initialized JPA EntityManagerFactory for persistence unit 'default'
2026-06-20T16:35:00.557+03:00  INFO 8720 --- [hotelhub] [main] o.s.d.j.r.query.QueryEnhancerFactories   : Hibernate is in classpath; If applicable, HQL parser will be used.
2026-06-20T16:35:00.660+03:00  WARN 8720 --- [hotelhub] [main] JpaBaseConfiguration$JpaWebConfiguration : spring.jpa.open-in-view is enabled by default. Therefore, database queries may be performed during view rendering. Explicitly configure spring.jpa.open-in-view to disable this warning
2026-06-20T16:35:01.327+03:00  INFO 8720 --- [hotelhub] [main] eAuthenticationProviderManagerConfigurer : Global AuthenticationManager configured with AuthenticationProvider bean with name authenticationProvider
2026-06-20T16:35:01.327+03:00  WARN 8720 --- [hotelhub] [main] r$InitializeUserDetailsManagerConfigurer : Global AuthenticationManager configured with an AuthenticationProvider bean. UserDetailsService beans will not be used by Spring Security for automatically configuring username/password login. Consider removing the AuthenticationProvider bean. Alternatively, consider using the UserDetailsService in a manually instantiated DaoAuthenticationProvider. If the current configuration is intentional, to turn off this warning, increase the logging level of 'org.springframework.security.config.annotation.authentication.configuration.InitializeUserDetailsBeanManagerConfigurer' to ERROR
2026-06-20T16:35:01.696+03:00  INFO 8720 --- [hotelhub] [main] o.s.boot.tomcat.TomcatWebServer          : Tomcat started on port 8080 (http) with context path '/'
2026-06-20T16:35:01.697+03:00  INFO 8720 --- [hotelhub] [main] o.s.a.r.c.CachingConnectionFactory       : Attempting to connect to: [localhost:5672]
2026-06-20T16:35:01.721+03:00  INFO 8720 --- [hotelhub] [main] o.s.a.r.l.SimpleMessageListenerContainer : Broker not available; cannot force queue declarations during start: java.net.ConnectException: Connection refused: getsockopt
2026-06-20T16:35:01.725+03:00  INFO 8720 --- [hotelhub] [org.springframework.amqp.rabbit.RabbitListenerEndpointContainer#0-1] o.s.a.r.c.CachingConnectionFactory       : Attempting to connect to: [localhost:5672]
2026-06-20T16:35:01.767+03:00 ERROR 8720 --- [hotelhub] [org.springframework.amqp.rabbit.RabbitListenerEndpointContainer#0-1] o.s.a.r.l.SimpleMessageListenerContainer : Failed to check/redeclare auto-delete queue(s).

org.springframework.amqp.AmqpConnectException: java.net.ConnectException: Connection refused: getsockopt
	at org.springframework.amqp.rabbit.support.RabbitExceptionTranslator.convertRabbitAccessException(RabbitExceptionTranslator.java:60) ~[spring-rabbit-4.0.2.jar:4.0.2]
	at org.springframework.amqp.rabbit.connection.AbstractConnectionFactory.createBareConnection(AbstractConnectionFactory.java:629) ~[spring-rabbit-4.0.2.jar:4.0.2]
	at org.springframework.amqp.rabbit.connection.CachingConnectionFactory.createConnection(CachingConnectionFactory.java:745) ~[spring-rabbit-4.0.2.jar:4.0.2]
	at org.springframework.amqp.rabbit.connection.ConnectionFactoryUtils.createConnection(ConnectionFactoryUtils.java:256) ~[spring-rabbit-4.0.2.jar:4.0.2]
	at org.springframework.amqp.rabbit.core.RabbitTemplate.doExecute(RabbitTemplate.java:2241) ~[spring-rabbit-4.0.2.jar:4.0.2]
	at org.springframework.amqp.rabbit.core.RabbitTemplate.execute(RabbitTemplate.java:2213) ~[spring-rabbit-4.0.2.jar:4.0.2]
	at org.springframework.amqp.rabbit.core.RabbitTemplate.execute(RabbitTemplate.java:2193) ~[spring-rabbit-4.0.2.jar:4.0.2]
	at org.springframework.amqp.rabbit.core.RabbitAdmin.getQueueInfo(RabbitAdmin.java:472) ~[spring-rabbit-4.0.2.jar:4.0.2]
	at org.springframework.amqp.rabbit.core.RabbitAdmin.getQueueProperties(RabbitAdmin.java:456) ~[spring-rabbit-4.0.2.jar:4.0.2]
	at org.springframework.amqp.rabbit.listener.AbstractMessageListenerContainer.attemptDeclarations(AbstractMessageListenerContainer.java:1959) ~[spring-rabbit-4.0.2.jar:4.0.2]
	at org.springframework.amqp.rabbit.listener.AbstractMessageListenerContainer.redeclareElementsIfNecessary(AbstractMessageListenerContainer.java:1923) ~[spring-rabbit-4.0.2.jar:4.0.2]
	at org.springframework.amqp.rabbit.listener.SimpleMessageListenerContainer$AsyncMessageProcessingConsumer.initialize(SimpleMessageListenerContainer.java:1523) ~[spring-rabbit-4.0.2.jar:4.0.2]
	at org.springframework.amqp.rabbit.listener.SimpleMessageListenerContainer$AsyncMessageProcessingConsumer.run(SimpleMessageListenerContainer.java:1356) ~[spring-rabbit-4.0.2.jar:4.0.2]
	at java.base/java.lang.Thread.run(Thread.java:1583) ~[na:na]
Caused by: java.net.ConnectException: Connection refused: getsockopt
	at java.base/sun.nio.ch.Net.pollConnect(Native Method) ~[na:na]
	at java.base/sun.nio.ch.Net.pollConnectNow(Net.java:694) ~[na:na]
	at java.base/sun.nio.ch.NioSocketImpl.timedFinishConnect(NioSocketImpl.java:542) ~[na:na]
	at java.base/sun.nio.ch.NioSocketImpl.connect(NioSocketImpl.java:592) ~[na:na]
	at java.base/java.net.SocksSocketImpl.connect(SocksSocketImpl.java:327) ~[na:na]
	at java.base/java.net.Socket.connect(Socket.java:751) ~[na:na]
	at com.rabbitmq.client.impl.SocketFrameHandlerFactory.create(SocketFrameHandlerFactory.java:61) ~[amqp-client-5.27.1.jar:5.27.1]
	at com.rabbitmq.client.ConnectionFactory.newConnection(ConnectionFactory.java:1355) ~[amqp-client-5.27.1.jar:5.27.1]
	at com.rabbitmq.client.ConnectionFactory.newConnection(ConnectionFactory.java:1297) ~[amqp-client-5.27.1.jar:5.27.1]
	at org.springframework.amqp.rabbit.connection.AbstractConnectionFactory.connectAddresses(AbstractConnectionFactory.java:676) ~[spring-rabbit-4.0.2.jar:4.0.2]
	at org.springframework.amqp.rabbit.connection.AbstractConnectionFactory.connect(AbstractConnectionFactory.java:644) ~[spring-rabbit-4.0.2.jar:4.0.2]
	at org.springframework.amqp.rabbit.connection.AbstractConnectionFactory.createBareConnection(AbstractConnectionFactory.java:590) ~[spring-rabbit-4.0.2.jar:4.0.2]
	... 12 common frames omitted

2026-06-20T16:35:01.772+03:00  INFO 8720 --- [hotelhub] [org.springframework.amqp.rabbit.RabbitListenerEndpointContainer#0-1] o.s.a.r.c.CachingConnectionFactory       : Attempting to connect to: [localhost:5672]
2026-06-20T16:35:01.803+03:00  INFO 8720 --- [hotelhub] [main] c.example.hotelhub.HotelhubApplication   : Started HotelhubApplication in 3.839 seconds (process running for 4.227)
2026-06-20T16:35:06.903+03:00  WARN 8720 --- [hotelhub] [org.springframework.amqp.rabbit.RabbitListenerEndpointContainer#0-1] o.s.a.r.l.SimpleMessageListenerContainer : Consumer raised exception, processing can restart if the connection factory supports it. Exception summary: org.springframework.amqp.AmqpConnectException: java.net.ConnectException: Connection refused: getsockopt
2026-06-20T16:35:06.905+03:00  INFO 8720 --- [hotelhub] [org.springframework.amqp.rabbit.RabbitListenerEndpointContainer#0-1] o.s.a.r.l.SimpleMessageListenerContainer : Restarting Consumer@e093615: tags=[[]], channel=null, acknowledgeMode=AUTO local queue size=0
2026-06-20T16:35:06.906+03:00  INFO 8720 --- [hotelhub] [org.springframework.amqp.rabbit.RabbitListenerEndpointContainer#0-2] o.s.a.r.c.CachingConnectionFactory       : Attempting to connect to: [localhost:5672]
2026-06-20T16:35:06.919+03:00 ERROR 8720 --- [hotelhub] [org.springframework.amqp.rabbit.RabbitListenerEndpointContainer#0-2] o.s.a.r.l.SimpleMessageListenerContainer : Failed to check/redeclare auto-delete queue(s).
2026-06-20T16:35:06.919+03:00  INFO 8720 --- [hotelhub] [org.springframework.amqp.rabbit.RabbitListenerEndpointContainer#0-2] o.s.a.r.c.CachingConnectionFactory       : Attempting to connect to: [localhost:5672]
2026-06-20T16:35:12.035+03:00  WARN 8720 --- [hotelhub] [org.springframework.amqp.rabbit.RabbitListenerEndpointContainer#0-2] o.s.a.r.l.SimpleMessageListenerContainer : Consumer raised exception, processing can restart if the connection factory supports it. Exception summary: org.springframework.amqp.AmqpConnectException: java.net.ConnectException: Connection refused: getsockopt
2026-06-20T16:35:12.035+03:00  INFO 8720 --- [hotelhub] [org.springframework.amqp.rabbit.RabbitListenerEndpointContainer#0-2] o.s.a.r.l.SimpleMessageListenerContainer : Restarting Consumer@35db2eb6: tags=[[]], channel=null, acknowledgeMode=AUTO local queue size=0
2026-06-20T16:35:12.037+03:00  INFO 8720 --- [hotelhub] [org.springframework.amqp.rabbit.RabbitListenerEndpointContainer#0-3] o.s.a.r.c.CachingConnectionFactory       : Attempting to connect to: [localhost:5672]
2026-06-20T16:35:12.037+03:00 ERROR 8720 --- [hotelhub] [org.springframework.amqp.rabbit.RabbitListenerEndpointContainer#0-3] o.s.a.r.l.SimpleMessageListenerContainer : Failed to check/redeclare auto-delete queue(s).
2026-06-20T16:35:12.037+03:00  INFO 8720 --- [hotelhub] [org.springframework.amqp.rabbit.RabbitListenerEndpointContainer#0-3] o.s.a.r.c.CachingConnectionFactory       : Attempting to connect to: [localhost:5672]
2026-06-20T16:35:17.150+03:00  WARN 8720 --- [hotelhub] [org.springframework.amqp.rabbit.RabbitListenerEndpointContainer#0-3] o.s.a.r.l.SimpleMessageListenerContainer : Consumer raised exception, processing can restart if the connection factory supports it. Exception summary: org.springframework.amqp.AmqpConnectException: java.net.ConnectException: Connection refused: getsockopt
2026-06-20T16:35:17.150+03:00  INFO 8720 --- [hotelhub] [org.springframework.amqp.rabbit.RabbitListenerEndpointContainer#0-3] o.s.a.r.l.SimpleMessageListenerContainer : Restarting Consumer@3ce66fd5: tags=[[]], channel=null, acknowledgeMode=AUTO local queue size=0
2026-06-20T16:35:17.151+03:00  INFO 8720 --- [hotelhub] [org.springframework.amqp.rabbit.RabbitListenerEndpointContainer#0-4] o.s.a.r.c.CachingConnectionFactory       : Attempting to connect to: [localhost:5672]
2026-06-20T16:35:17.165+03:00 ERROR 8720 --- [hotelhub] [org.springframework.amqp.rabbit.RabbitListenerEndpointContainer#0-4] o.s.a.r.l.SimpleMessageListenerContainer : Failed to check/redeclare auto-delete queue(s).
2026-06-20T16:35:17.165+03:00  INFO 8720 --- [hotelhub] [org.springframework.amqp.rabbit.RabbitListenerEndpointContainer#0-4] o.s.a.r.c.CachingConnectionFactory       : Attempting to connect to: [localhost:5672]
2026-06-20T16:35:22.277+03:00  WARN 8720 --- [hotelhub] [org.springframework.amqp.rabbit.RabbitListenerEndpointContainer#0-4] o.s.a.r.l.SimpleMessageListenerContainer : Consumer raised exception, processing can restart if the connection factory supports it. Exception summary: org.springframework.amqp.AmqpConnectException: java.net.ConnectException: Connection refused: getsockopt
2026-06-20T16:35:22.277+03:00  INFO 8720 --- [hotelhub] [org.springframework.amqp.rabbit.RabbitListenerEndpointContainer#0-4] o.s.a.r.l.SimpleMessageListenerContainer : Restarting Consumer@61255c97: tags=[[]], channel=null, acknowledgeMode=AUTO local queue size=0
2026-06-20T16:35:22.279+03:00  INFO 8720 --- [hotelhub] [org.springframework.amqp.rabbit.RabbitListenerEndpointContainer#0-5] o.s.a.r.c.CachingConnectionFactory       : Attempting to connect to: [localhost:5672]
2026-06-20T16:35:22.280+03:00 ERROR 8720 --- [hotelhub] [org.springframework.amqp.rabbit.RabbitListenerEndpointContainer#0-5] o.s.a.r.l.SimpleMessageListenerContainer : Failed to check/redeclare auto-delete queue(s).
2026-06-20T16:35:22.280+03:00  INFO 8720 --- [hotelhub] [org.springframework.amqp.rabbit.RabbitListenerEndpointContainer#0-5] o.s.a.r.c.CachingConnectionFactory       : Attempting to connect to: [localhost:5672]
2026-06-20T16:35:27.390+03:00  WARN 8720 --- [hotelhub] [org.springframework.amqp.rabbit.RabbitListenerEndpointContainer#0-5] o.s.a.r.l.SimpleMessageListenerContainer : Consumer raised exception, processing can restart if the connection factory supports it. Exception summary: org.springframework.amqp.AmqpConnectException: java.net.ConnectException: Connection refused: getsockopt
2026-06-20T16:35:27.390+03:00  INFO 8720 --- [hotelhub] [org.springframework.amqp.rabbit.RabbitListenerEndpointContainer#0-5] o.s.a.r.l.SimpleMessageListenerContainer : Restarting Consumer@2dad12cc: tags=[[]], channel=null, acknowledgeMode=AUTO local queue size=0
2026-06-20T16:35:27.391+03:00  INFO 8720 --- [hotelhub] [org.springframework.amqp.rabbit.RabbitListenerEndpointContainer#0-6] o.s.a.r.c.CachingConnectionFactory       : Attempting to connect to: [localhost:5672]
2026-06-20T16:35:27.405+03:00 ERROR 8720 --- [hotelhub] [org.springframework.amqp.rabbit.RabbitListenerEndpointContainer#0-6] o.s.a.r.l.SimpleMessageListenerContainer : Failed to check/redeclare auto-delete queue(s).
2026-06-20T16:35:27.405+03:00  INFO 8720 --- [hotelhub] [org.springframework.amqp.rabbit.RabbitListenerEndpointContainer#0-6] o.s.a.r.c.CachingConnectionFactory       : Attempting to connect to: [localhost:5672]
2026-06-20T16:35:32.517+03:00  WARN 8720 --- [hotelhub] [org.springframework.amqp.rabbit.RabbitListenerEndpointContainer#0-6] o.s.a.r.l.SimpleMessageListenerContainer : Consumer raised exception, processing can restart if the connection factory supports it. Exception summary: org.springframework.amqp.AmqpConnectException: java.net.ConnectException: Connection refused: getsockopt
2026-06-20T16:35:32.517+03:00  INFO 8720 --- [hotelhub] [org.springframework.amqp.rabbit.RabbitListenerEndpointContainer#0-6] o.s.a.r.l.SimpleMessageListenerContainer : Restarting Consumer@40da8d52: tags=[[]], channel=null, acknowledgeMode=AUTO local queue size=0
2026-06-20T16:35:32.518+03:00  INFO 8720 --- [hotelhub] [org.springframework.amqp.rabbit.RabbitListenerEndpointContainer#0-7] o.s.a.r.c.CachingConnectionFactory       : Attempting to connect to: [localhost:5672]
2026-06-20T16:35:32.549+03:00 ERROR 8720 --- [hotelhub] [org.springframework.amqp.rabbit.RabbitListenerEndpointContainer#0-7] o.s.a.r.l.SimpleMessageListenerContainer : Failed to check/redeclare auto-delete queue(s).
2026-06-20T16:35:32.549+03:00  INFO 8720 --- [hotelhub] [org.springframework.amqp.rabbit.RabbitListenerEndpointContainer#0-7] o.s.a.r.c.CachingConnectionFactory       : Attempting to connect to: [localhost:5672]
2026-06-20T16:35:37.692+03:00  WARN 8720 --- [hotelhub] [org.springframework.amqp.rabbit.RabbitListenerEndpointContainer#0-7] o.s.a.r.l.SimpleMessageListenerContainer : Consumer raised exception, processing can restart if the connection factory supports it. Exception summary: org.springframework.amqp.AmqpConnectException: java.net.ConnectException: Connection refused: getsockopt
2026-06-20T16:35:37.692+03:00  INFO 8720 --- [hotelhub] [org.springframework.amqp.rabbit.RabbitListenerEndpointContainer#0-7] o.s.a.r.l.SimpleMessageListenerContainer : Restarting Consumer@50f24a70: tags=[[]], channel=null, acknowledgeMode=AUTO local queue size=0
2026-06-20T16:35:37.694+03:00  INFO 8720 --- [hotelhub] [org.springframework.amqp.rabbit.RabbitListenerEndpointContainer#0-8] o.s.a.r.c.CachingConnectionFactory       : Attempting to connect to: [localhost:5672]
2026-06-20T16:35:37.722+03:00 ERROR 8720 --- [hotelhub] [org.springframework.amqp.rabbit.RabbitListenerEndpointContainer#0-8] o.s.a.r.l.SimpleMessageListenerContainer : Failed to check/redeclare auto-delete queue(s).
2026-06-20T16:35:37.722+03:00  INFO 8720 --- [hotelhub] [org.springframework.amqp.rabbit.RabbitListenerEndpointContainer#0-8] o.s.a.r.c.CachingConnectionFactory       : Attempting to connect to: [localhost:5672]
2026-06-20T16:35:42.787+03:00  WARN 8720 --- [hotelhub] [org.springframework.amqp.rabbit.RabbitListenerEndpointContainer#0-8] o.s.a.r.l.SimpleMessageListenerContainer : Consumer raised exception, processing can restart if the connection factory supports it. Exception summary: org.springframework.amqp.AmqpConnectException: java.net.ConnectException: Connection refused: getsockopt
2026-06-20T16:35:42.787+03:00  INFO 8720 --- [hotelhub] [org.springframework.amqp.rabbit.RabbitListenerEndpointContainer#0-8] o.s.a.r.l.SimpleMessageListenerContainer : Restarting Consumer@54c85167: tags=[[]], channel=null, acknowledgeMode=AUTO local queue size=0
2026-06-20T16:35:42.788+03:00  INFO 8720 --- [hotelhub] [org.springframework.amqp.rabbit.RabbitListenerEndpointContainer#0-9] o.s.a.r.c.CachingConnectionFactory       : Attempting to connect to: [localhost:5672]
2026-06-20T16:35:42.817+03:00 ERROR 8720 --- [hotelhub] [org.springframework.amqp.rabbit.RabbitListenerEndpointContainer#0-9] o.s.a.r.l.SimpleMessageListenerContainer : Failed to check/redeclare auto-delete queue(s).
2026-06-20T16:35:42.817+03:00  INFO 8720 --- [hotelhub] [org.springframework.amqp.rabbit.RabbitListenerEndpointContainer#0-9] o.s.a.r.c.CachingConnectionFactory       : Attempting to connect to: [localhost:5672]
2026-06-20T16:35:43.926+03:00  INFO 8720 --- [hotelhub] [org.springframework.amqp.rabbit.RabbitListenerEndpointContainer#0-10] o.s.a.r.l.SimpleMessageListenerContainer : Waiting for workers to finish.
2026-06-20T16:35:43.926+03:00  INFO 8720 --- [hotelhub] [org.springframework.amqp.rabbit.RabbitListenerEndpointContainer#0-10] o.s.a.r.l.SimpleMessageListenerContainer : Successfully waited for workers to finish.
2026-06-20T16:35:43.927+03:00  INFO 8720 --- [hotelhub] [SpringApplicationShutdownHook] o.s.boot.tomcat.GracefulShutdown         : Commencing graceful shutdown. Waiting for active requests to complete
2026-06-20T16:35:43.936+03:00  INFO 8720 --- [hotelhub] [tomcat-shutdown] o.s.boot.tomcat.GracefulShutdown         : Graceful shutdown complete
2026-06-20T16:35:43.939+03:00  INFO 8720 --- [hotelhub] [SpringApplicationShutdownHook] j.LocalContainerEntityManagerFactoryBean : Closing JPA EntityManagerFactory for persistence unit 'default'
2026-06-20T16:35:43.941+03:00  INFO 8720 --- [hotelhub] [SpringApplicationShutdownHook] com.zaxxer.hikari.HikariDataSource       : HikariPool-1 - Shutdown initiated...
2026-06-20T16:35:43.942+03:00  INFO 8720 --- [hotelhub] [SpringApplicationShutdownHook] com.zaxxer.hikari.HikariDataSource       : HikariPool-1 - Shutdown completed.
2026-06-20T16:37:50.189+03:00  INFO 10740 --- [hotelhub] [main] c.example.hotelhub.HotelhubApplication   : Starting HotelhubApplication using Java 21.0.10 with PID 10740 (C:\Users\Eren\Desktop\Projelerim Back-End\hotelhub\build\classes\java\main started by Eren in C:\Users\Eren\Desktop\Projelerim Back-End\hotelhub)
2026-06-20T16:37:50.192+03:00  INFO 10740 --- [hotelhub] [main] c.example.hotelhub.HotelhubApplication   : No active profile set, falling back to 1 default profile: "default"
2026-06-20T16:37:50.627+03:00  INFO 10740 --- [hotelhub] [main] .s.d.r.c.RepositoryConfigurationDelegate : Bootstrapping Spring Data JPA repositories in DEFAULT mode.
2026-06-20T16:37:50.668+03:00  INFO 10740 --- [hotelhub] [main] .s.d.r.c.RepositoryConfigurationDelegate : Finished Spring Data repository scanning in 36 ms. Found 4 JPA repository interfaces.
2026-06-20T16:37:50.977+03:00  INFO 10740 --- [hotelhub] [main] o.s.boot.tomcat.TomcatWebServer          : Tomcat initialized with port 8080 (http)
2026-06-20T16:37:50.984+03:00  INFO 10740 --- [hotelhub] [main] o.apache.catalina.core.StandardService   : Starting service [Tomcat]
2026-06-20T16:37:50.984+03:00  INFO 10740 --- [hotelhub] [main] o.apache.catalina.core.StandardEngine    : Starting Servlet engine: [Apache Tomcat/11.0.20]
2026-06-20T16:37:51.018+03:00  INFO 10740 --- [hotelhub] [main] b.w.c.s.WebApplicationContextInitializer : Root WebApplicationContext: initialization completed in 794 ms
2026-06-20T16:37:51.105+03:00  INFO 10740 --- [hotelhub] [main] org.hibernate.orm.jpa                    : HHH008540: Processing PersistenceUnitInfo [name: default]
2026-06-20T16:37:51.138+03:00  INFO 10740 --- [hotelhub] [main] org.hibernate.orm.core                   : HHH000001: Hibernate ORM core version 7.2.7.Final
2026-06-20T16:37:51.411+03:00  INFO 10740 --- [hotelhub] [main] o.s.o.j.p.SpringPersistenceUnitInfo      : No LoadTimeWeaver setup: ignoring JPA class transformer
2026-06-20T16:37:51.430+03:00  INFO 10740 --- [hotelhub] [main] com.zaxxer.hikari.HikariDataSource       : HikariPool-1 - Starting...
2026-06-20T16:37:51.524+03:00  INFO 10740 --- [hotelhub] [main] com.zaxxer.hikari.pool.HikariPool        : HikariPool-1 - Added connection org.postgresql.jdbc.PgConnection@1a06602f
2026-06-20T16:37:51.525+03:00  INFO 10740 --- [hotelhub] [main] com.zaxxer.hikari.HikariDataSource       : HikariPool-1 - Start completed.
2026-06-20T16:37:51.566+03:00  INFO 10740 --- [hotelhub] [main] org.hibernate.orm.connections.pooling    : HHH10001005: Database info:
	Database JDBC URL [jdbc:postgresql://localhost:5432/hotelHub]
	Database driver: PostgreSQL JDBC Driver
	Database dialect: PostgreSQLDialect
	Database version: 18.3
	Default catalog/schema: hotelHub/public
	Autocommit mode: undefined/unknown
	Isolation level: READ_COMMITTED [default READ_COMMITTED]
	JDBC fetch size: none
	Pool: DataSourceConnectionProvider
	Minimum pool size: undefined/unknown
	Maximum pool size: undefined/unknown
2026-06-20T16:37:52.287+03:00  INFO 10740 --- [hotelhub] [main] org.hibernate.orm.core                   : HHH000489: No JTA platform available (set 'hibernate.transaction.jta.platform' to enable JTA platform integration)
2026-06-20T16:37:52.342+03:00  INFO 10740 --- [hotelhub] [main] j.LocalContainerEntityManagerFactoryBean : Initialized JPA EntityManagerFactory for persistence unit 'default'
2026-06-20T16:37:52.379+03:00  INFO 10740 --- [hotelhub] [main] o.s.d.j.r.query.QueryEnhancerFactories   : Hibernate is in classpath; If applicable, HQL parser will be used.
2026-06-20T16:37:52.477+03:00  WARN 10740 --- [hotelhub] [main] JpaBaseConfiguration$JpaWebConfiguration : spring.jpa.open-in-view is enabled by default. Therefore, database queries may be performed during view rendering. Explicitly configure spring.jpa.open-in-view to disable this warning
2026-06-20T16:37:53.113+03:00  INFO 10740 --- [hotelhub] [main] eAuthenticationProviderManagerConfigurer : Global AuthenticationManager configured with AuthenticationProvider bean with name authenticationProvider
2026-06-20T16:37:53.114+03:00  WARN 10740 --- [hotelhub] [main] r$InitializeUserDetailsManagerConfigurer : Global AuthenticationManager configured with an AuthenticationProvider bean. UserDetailsService beans will not be used by Spring Security for automatically configuring username/password login. Consider removing the AuthenticationProvider bean. Alternatively, consider using the UserDetailsService in a manually instantiated DaoAuthenticationProvider. If the current configuration is intentional, to turn off this warning, increase the logging level of 'org.springframework.security.config.annotation.authentication.configuration.InitializeUserDetailsBeanManagerConfigurer' to ERROR
2026-06-20T16:37:53.434+03:00  INFO 10740 --- [hotelhub] [main] o.s.boot.tomcat.TomcatWebServer          : Tomcat started on port 8080 (http) with context path '/'
2026-06-20T16:37:53.436+03:00  INFO 10740 --- [hotelhub] [main] o.s.a.r.c.CachingConnectionFactory       : Attempting to connect to: [localhost:5672]
2026-06-20T16:37:53.474+03:00  INFO 10740 --- [hotelhub] [main] o.s.a.r.c.CachingConnectionFactory       : Created new connection: rabbitConnectionFactory#56584f06:0/SimpleConnection@6d19e557 [delegate=amqp://guest@127.0.0.1:5672/, localPort=57884]
2026-06-20T16:37:53.527+03:00  INFO 10740 --- [hotelhub] [main] c.example.hotelhub.HotelhubApplication   : Started HotelhubApplication in 3.606 seconds (process running for 3.996)
2026-06-20T16:38:02.326+03:00  INFO 10740 --- [hotelhub] [http-nio-8080-exec-1] o.a.c.c.C.[Tomcat].[localhost].[/]       : Initializing Spring DispatcherServlet 'dispatcherServlet'
2026-06-20T16:38:02.326+03:00  INFO 10740 --- [hotelhub] [http-nio-8080-exec-1] o.s.web.servlet.DispatcherServlet        : Initializing Servlet 'dispatcherServlet'
2026-06-20T16:38:02.327+03:00  INFO 10740 --- [hotelhub] [http-nio-8080-exec-1] o.s.web.servlet.DispatcherServlet        : Completed initialization in 1 ms
2026-06-20T16:38:02.550+03:00  INFO 10740 --- [hotelhub] [http-nio-8080-exec-1] c.e.h.service.impl.HotelServiceImpl      : Hotel search triggered for city: Ankara with page: 0
2026-06-20T16:38:02.550+03:00  INFO 10740 --- [hotelhub] [http-nio-8080-exec-1] c.e.h.m.producer.BookingProducer         : Sending message to RabbitMQ exchange: -> User searched for city: Ankara on page: 0
2026-06-20T16:38:02.564+03:00  INFO 10740 --- [hotelhub] [org.springframework.amqp.rabbit.RabbitListenerEndpointContainer#0-1] c.e.h.m.consumer.BookingConsumer         : ==> RECEIVED MESSAGE FROM RABBITMQ QUEUE: User searched for city: Ankara on page: 0
2026-06-20T16:38:02.564+03:00  INFO 10740 --- [hotelhub] [org.springframework.amqp.rabbit.RabbitListenerEndpointContainer#0-1] c.e.h.m.consumer.BookingConsumer         : Processing background task (e.g., Sending confirmation email to customer)...
2026-06-20T16:48:58.613+03:00  WARN 10740 --- [hotelhub] [org.springframework.amqp.rabbit.RabbitListenerEndpointContainer#0-1] o.s.a.r.l.SimpleMessageListenerContainer : Consumer raised exception, processing can restart if the connection factory supports it

com.rabbitmq.client.ShutdownSignalException: connection error
	at com.rabbitmq.client.impl.AMQConnection.startShutdown(AMQConnection.java:1014) ~[amqp-client-5.27.1.jar:5.27.1]
	at com.rabbitmq.client.impl.AMQConnection.shutdown(AMQConnection.java:1004) ~[amqp-client-5.27.1.jar:5.27.1]
	at com.rabbitmq.client.impl.AMQConnection.handleFailure(AMQConnection.java:804) ~[amqp-client-5.27.1.jar:5.27.1]
	at com.rabbitmq.client.impl.AMQConnection.access$500(AMQConnection.java:49) ~[amqp-client-5.27.1.jar:5.27.1]
	at com.rabbitmq.client.impl.AMQConnection$MainLoop.run(AMQConnection.java:703) ~[amqp-client-5.27.1.jar:5.27.1]
	at java.base/java.lang.Thread.run(Thread.java:1583) ~[na:na]
Caused by: java.io.EOFException
	at java.base/java.io.DataInputStream.readUnsignedByte(DataInputStream.java:297) ~[na:na]
	at com.rabbitmq.client.impl.Frame.readFrom(Frame.java:92) ~[amqp-client-5.27.1.jar:5.27.1]
	at com.rabbitmq.client.impl.SocketFrameHandler.readFrame(SocketFrameHandler.java:199) ~[amqp-client-5.27.1.jar:5.27.1]
	at com.rabbitmq.client.impl.AMQConnection$MainLoop.run(AMQConnection.java:694) ~[amqp-client-5.27.1.jar:5.27.1]
	... 1 common frames omitted

2026-06-20T16:48:58.618+03:00  INFO 10740 --- [hotelhub] [org.springframework.amqp.rabbit.RabbitListenerEndpointContainer#0-1] o.s.a.r.l.SimpleMessageListenerContainer : Restarting Consumer@5225e766: tags=[[amq.ctag-XGnusLVTPiLg7SDkshvDhA]], channel=Cached Rabbit Channel: AMQChannel(amqp://guest@127.0.0.1:5672/,1), conn: Proxy@6790aad2 Shared Rabbit Connection: SimpleConnection@6d19e557 [delegate=amqp://guest@127.0.0.1:5672/, localPort=57884], acknowledgeMode=AUTO local queue size=0
2026-06-20T16:48:58.619+03:00  INFO 10740 --- [hotelhub] [org.springframework.amqp.rabbit.RabbitListenerEndpointContainer#0-2] o.s.a.r.c.CachingConnectionFactory       : Attempting to connect to: [localhost:5672]
2026-06-20T16:48:58.624+03:00 ERROR 10740 --- [hotelhub] [org.springframework.amqp.rabbit.RabbitListenerEndpointContainer#0-2] o.s.a.r.l.SimpleMessageListenerContainer : Failed to check/redeclare auto-delete queue(s).

org.springframework.amqp.AmqpIOException: java.io.IOException
	at org.springframework.amqp.rabbit.support.RabbitExceptionTranslator.convertRabbitAccessException(RabbitExceptionTranslator.java:69) ~[spring-rabbit-4.0.2.jar:4.0.2]
	at org.springframework.amqp.rabbit.connection.AbstractConnectionFactory.createBareConnection(AbstractConnectionFactory.java:629) ~[spring-rabbit-4.0.2.jar:4.0.2]
	at org.springframework.amqp.rabbit.connection.CachingConnectionFactory.createConnection(CachingConnectionFactory.java:745) ~[spring-rabbit-4.0.2.jar:4.0.2]
	at org.springframework.amqp.rabbit.connection.CachingConnectionFactory.createBareChannel(CachingConnectionFactory.java:682) ~[spring-rabbit-4.0.2.jar:4.0.2]
	at org.springframework.amqp.rabbit.connection.CachingConnectionFactory.getCachedChannelProxy(CachingConnectionFactory.java:655) ~[spring-rabbit-4.0.2.jar:4.0.2]
	at org.springframework.amqp.rabbit.connection.CachingConnectionFactory.getChannel(CachingConnectionFactory.java:544) ~[spring-rabbit-4.0.2.jar:4.0.2]
	at org.springframework.amqp.rabbit.connection.CachingConnectionFactory$ChannelCachingConnectionProxy.createChannel(CachingConnectionFactory.java:1509) ~[spring-rabbit-4.0.2.jar:4.0.2]
	at org.springframework.amqp.rabbit.core.RabbitTemplate.doExecute(RabbitTemplate.java:2243) ~[spring-rabbit-4.0.2.jar:4.0.2]
	at org.springframework.amqp.rabbit.core.RabbitTemplate.execute(RabbitTemplate.java:2213) ~[spring-rabbit-4.0.2.jar:4.0.2]
	at org.springframework.amqp.rabbit.core.RabbitTemplate.execute(RabbitTemplate.java:2193) ~[spring-rabbit-4.0.2.jar:4.0.2]
	at org.springframework.amqp.rabbit.core.RabbitAdmin.getQueueInfo(RabbitAdmin.java:472) ~[spring-rabbit-4.0.2.jar:4.0.2]
	at org.springframework.amqp.rabbit.core.RabbitAdmin.getQueueProperties(RabbitAdmin.java:456) ~[spring-rabbit-4.0.2.jar:4.0.2]
	at org.springframework.amqp.rabbit.listener.AbstractMessageListenerContainer.attemptDeclarations(AbstractMessageListenerContainer.java:1959) ~[spring-rabbit-4.0.2.jar:4.0.2]
	at org.springframework.amqp.rabbit.listener.AbstractMessageListenerContainer.redeclareElementsIfNecessary(AbstractMessageListenerContainer.java:1923) ~[spring-rabbit-4.0.2.jar:4.0.2]
	at org.springframework.amqp.rabbit.listener.SimpleMessageListenerContainer$AsyncMessageProcessingConsumer.initialize(SimpleMessageListenerContainer.java:1523) ~[spring-rabbit-4.0.2.jar:4.0.2]
	at org.springframework.amqp.rabbit.listener.SimpleMessageListenerContainer$AsyncMessageProcessingConsumer.run(SimpleMessageListenerContainer.java:1356) ~[spring-rabbit-4.0.2.jar:4.0.2]
	at java.base/java.lang.Thread.run(Thread.java:1583) ~[na:na]
Caused by: java.io.IOException
	at com.rabbitmq.client.impl.AMQChannel.wrap(AMQChannel.java:140) ~[amqp-client-5.27.1.jar:5.27.1]
	at com.rabbitmq.client.impl.AMQChannel.wrap(AMQChannel.java:136) ~[amqp-client-5.27.1.jar:5.27.1]
	at com.rabbitmq.client.impl.AMQConnection.start(AMQConnection.java:414) ~[amqp-client-5.27.1.jar:5.27.1]
	at com.rabbitmq.client.ConnectionFactory.newConnection(ConnectionFactory.java:1357) ~[amqp-client-5.27.1.jar:5.27.1]
	at com.rabbitmq.client.ConnectionFactory.newConnection(ConnectionFactory.java:1297) ~[amqp-client-5.27.1.jar:5.27.1]
	at org.springframework.amqp.rabbit.connection.AbstractConnectionFactory.connectAddresses(AbstractConnectionFactory.java:676) ~[spring-rabbit-4.0.2.jar:4.0.2]
	at org.springframework.amqp.rabbit.connection.AbstractConnectionFactory.connect(AbstractConnectionFactory.java:644) ~[spring-rabbit-4.0.2.jar:4.0.2]
	at org.springframework.amqp.rabbit.connection.AbstractConnectionFactory.createBareConnection(AbstractConnectionFactory.java:590) ~[spring-rabbit-4.0.2.jar:4.0.2]
	... 15 common frames omitted
Caused by: com.rabbitmq.client.ShutdownSignalException: connection error
	at com.rabbitmq.utility.ValueOrException.getValue(ValueOrException.java:66) ~[amqp-client-5.27.1.jar:5.27.1]
	at com.rabbitmq.utility.BlockingValueOrException.uninterruptibleGetValue(BlockingValueOrException.java:36) ~[amqp-client-5.27.1.jar:5.27.1]
	at com.rabbitmq.client.impl.AMQChannel$BlockingRpcContinuation.getReply(AMQChannel.java:552) ~[amqp-client-5.27.1.jar:5.27.1]
	at com.rabbitmq.client.impl.AMQConnection.start(AMQConnection.java:341) ~[amqp-client-5.27.1.jar:5.27.1]
	... 20 common frames omitted
Caused by: java.io.EOFException
	at java.base/java.io.DataInputStream.readUnsignedByte(DataInputStream.java:297) ~[na:na]
	at com.rabbitmq.client.impl.Frame.readFrom(Frame.java:92) ~[amqp-client-5.27.1.jar:5.27.1]
	at com.rabbitmq.client.impl.SocketFrameHandler.readFrame(SocketFrameHandler.java:199) ~[amqp-client-5.27.1.jar:5.27.1]
	at com.rabbitmq.client.impl.AMQConnection$MainLoop.run(AMQConnection.java:694) ~[amqp-client-5.27.1.jar:5.27.1]
	... 1 common frames omitted

2026-06-20T16:48:58.624+03:00  INFO 10740 --- [hotelhub] [org.springframework.amqp.rabbit.RabbitListenerEndpointContainer#0-2] o.s.a.r.c.CachingConnectionFactory       : Attempting to connect to: [localhost:5672]
2026-06-20T16:49:03.715+03:00  WARN 10740 --- [hotelhub] [org.springframework.amqp.rabbit.RabbitListenerEndpointContainer#0-2] o.s.a.r.l.SimpleMessageListenerContainer : Consumer raised exception, processing can restart if the connection factory supports it

org.springframework.amqp.AmqpIOException: java.io.IOException
	at org.springframework.amqp.rabbit.support.RabbitExceptionTranslator.convertRabbitAccessException(RabbitExceptionTranslator.java:69) ~[spring-rabbit-4.0.2.jar:4.0.2]
	at org.springframework.amqp.rabbit.connection.AbstractConnectionFactory.createBareConnection(AbstractConnectionFactory.java:629) ~[spring-rabbit-4.0.2.jar:4.0.2]
	at org.springframework.amqp.rabbit.connection.CachingConnectionFactory.createConnection(CachingConnectionFactory.java:745) ~[spring-rabbit-4.0.2.jar:4.0.2]
	at org.springframework.amqp.rabbit.connection.ConnectionFactoryUtils.createConnection(ConnectionFactoryUtils.java:256) ~[spring-rabbit-4.0.2.jar:4.0.2]
	at org.springframework.amqp.rabbit.connection.ConnectionFactoryUtils$RabbitResourceFactory.createConnection(ConnectionFactoryUtils.java:330) ~[spring-rabbit-4.0.2.jar:4.0.2]
	at org.springframework.amqp.rabbit.connection.ConnectionFactoryUtils.doGetTransactionalResourceHolder(ConnectionFactoryUtils.java:139) ~[spring-rabbit-4.0.2.jar:4.0.2]
	at org.springframework.amqp.rabbit.connection.ConnectionFactoryUtils.getTransactionalResourceHolder(ConnectionFactoryUtils.java:100) ~[spring-rabbit-4.0.2.jar:4.0.2]
	at org.springframework.amqp.rabbit.connection.ConnectionFactoryUtils.getTransactionalResourceHolder(ConnectionFactoryUtils.java:83) ~[spring-rabbit-4.0.2.jar:4.0.2]
	at org.springframework.amqp.rabbit.listener.BlockingQueueConsumer.start(BlockingQueueConsumer.java:631) ~[spring-rabbit-4.0.2.jar:4.0.2]
	at org.springframework.amqp.rabbit.listener.SimpleMessageListenerContainer$AsyncMessageProcessingConsumer.initialize(SimpleMessageListenerContainer.java:1524) ~[spring-rabbit-4.0.2.jar:4.0.2]
	at org.springframework.amqp.rabbit.listener.SimpleMessageListenerContainer$AsyncMessageProcessingConsumer.run(SimpleMessageListenerContainer.java:1356) ~[spring-rabbit-4.0.2.jar:4.0.2]
	at java.base/java.lang.Thread.run(Thread.java:1583) ~[na:na]
Caused by: java.io.IOException
	at com.rabbitmq.client.impl.AMQChannel.wrap(AMQChannel.java:140) ~[amqp-client-5.27.1.jar:5.27.1]
	at com.rabbitmq.client.impl.AMQChannel.wrap(AMQChannel.java:136) ~[amqp-client-5.27.1.jar:5.27.1]
	at com.rabbitmq.client.impl.AMQConnection.start(AMQConnection.java:414) ~[amqp-client-5.27.1.jar:5.27.1]
	at com.rabbitmq.client.ConnectionFactory.newConnection(ConnectionFactory.java:1357) ~[amqp-client-5.27.1.jar:5.27.1]
	at com.rabbitmq.client.ConnectionFactory.newConnection(ConnectionFactory.java:1297) ~[amqp-client-5.27.1.jar:5.27.1]
	at org.springframework.amqp.rabbit.connection.AbstractConnectionFactory.connectAddresses(AbstractConnectionFactory.java:676) ~[spring-rabbit-4.0.2.jar:4.0.2]
	at org.springframework.amqp.rabbit.connection.AbstractConnectionFactory.connect(AbstractConnectionFactory.java:644) ~[spring-rabbit-4.0.2.jar:4.0.2]
	at org.springframework.amqp.rabbit.connection.AbstractConnectionFactory.createBareConnection(AbstractConnectionFactory.java:590) ~[spring-rabbit-4.0.2.jar:4.0.2]
	... 10 common frames omitted
Caused by: com.rabbitmq.client.ShutdownSignalException: connection error
	at com.rabbitmq.utility.ValueOrException.getValue(ValueOrException.java:66) ~[amqp-client-5.27.1.jar:5.27.1]
	at com.rabbitmq.utility.BlockingValueOrException.uninterruptibleGetValue(BlockingValueOrException.java:36) ~[amqp-client-5.27.1.jar:5.27.1]
	at com.rabbitmq.client.impl.AMQChannel$BlockingRpcContinuation.getReply(AMQChannel.java:552) ~[amqp-client-5.27.1.jar:5.27.1]
	at com.rabbitmq.client.impl.AMQConnection.start(AMQConnection.java:341) ~[amqp-client-5.27.1.jar:5.27.1]
	... 15 common frames omitted
Caused by: java.io.EOFException
	at java.base/java.io.DataInputStream.readUnsignedByte(DataInputStream.java:297) ~[na:na]
	at com.rabbitmq.client.impl.Frame.readFrom(Frame.java:92) ~[amqp-client-5.27.1.jar:5.27.1]
	at com.rabbitmq.client.impl.SocketFrameHandler.readFrame(SocketFrameHandler.java:199) ~[amqp-client-5.27.1.jar:5.27.1]
	at com.rabbitmq.client.impl.AMQConnection$MainLoop.run(AMQConnection.java:694) ~[amqp-client-5.27.1.jar:5.27.1]
	... 1 common frames omitted

2026-06-20T16:49:03.716+03:00  INFO 10740 --- [hotelhub] [org.springframework.amqp.rabbit.RabbitListenerEndpointContainer#0-2] o.s.a.r.l.SimpleMessageListenerContainer : Restarting Consumer@249d2a4e: tags=[[]], channel=null, acknowledgeMode=AUTO local queue size=0
2026-06-20T16:49:03.716+03:00  INFO 10740 --- [hotelhub] [org.springframework.amqp.rabbit.RabbitListenerEndpointContainer#0-3] o.s.a.r.c.CachingConnectionFactory       : Attempting to connect to: [localhost:5672]
2026-06-20T16:49:03.720+03:00 ERROR 10740 --- [hotelhub] [org.springframework.amqp.rabbit.RabbitListenerEndpointContainer#0-3] o.s.a.r.l.SimpleMessageListenerContainer : Failed to check/redeclare auto-delete queue(s).
2026-06-20T16:49:03.720+03:00  INFO 10740 --- [hotelhub] [org.springframework.amqp.rabbit.RabbitListenerEndpointContainer#0-3] o.s.a.r.c.CachingConnectionFactory       : Attempting to connect to: [localhost:5672]
2026-06-20T16:49:07.857+03:00  INFO 10740 --- [hotelhub] [org.springframework.amqp.rabbit.RabbitListenerEndpointContainer#0-4] o.s.a.r.l.SimpleMessageListenerContainer : Waiting for workers to finish.
2026-06-20T16:49:07.857+03:00  INFO 10740 --- [hotelhub] [org.springframework.amqp.rabbit.RabbitListenerEndpointContainer#0-4] o.s.a.r.l.SimpleMessageListenerContainer : Successfully waited for workers to finish.
2026-06-20T16:49:07.858+03:00  INFO 10740 --- [hotelhub] [SpringApplicationShutdownHook] o.s.boot.tomcat.GracefulShutdown         : Commencing graceful shutdown. Waiting for active requests to complete
2026-06-20T16:49:07.869+03:00  INFO 10740 --- [hotelhub] [tomcat-shutdown] o.s.boot.tomcat.GracefulShutdown         : Graceful shutdown complete
2026-06-20T16:49:07.874+03:00  INFO 10740 --- [hotelhub] [SpringApplicationShutdownHook] j.LocalContainerEntityManagerFactoryBean : Closing JPA EntityManagerFactory for persistence unit 'default'
2026-06-20T16:49:07.875+03:00  INFO 10740 --- [hotelhub] [SpringApplicationShutdownHook] com.zaxxer.hikari.HikariDataSource       : HikariPool-1 - Shutdown initiated...
2026-06-20T16:49:07.877+03:00  INFO 10740 --- [hotelhub] [SpringApplicationShutdownHook] com.zaxxer.hikari.HikariDataSource       : HikariPool-1 - Shutdown completed.
2026-06-20T16:49:09.682+03:00  INFO 34936 --- [hotelhub] [main] c.example.hotelhub.HotelhubApplication   : Starting HotelhubApplication using Java 21.0.10 with PID 34936 (C:\Users\Eren\Desktop\Projelerim Back-End\hotelhub\build\classes\java\main started by Eren in C:\Users\Eren\Desktop\Projelerim Back-End\hotelhub)
2026-06-20T16:49:09.685+03:00  INFO 34936 --- [hotelhub] [main] c.example.hotelhub.HotelhubApplication   : No active profile set, falling back to 1 default profile: "default"
2026-06-20T16:49:10.152+03:00  INFO 34936 --- [hotelhub] [main] .s.d.r.c.RepositoryConfigurationDelegate : Bootstrapping Spring Data JPA repositories in DEFAULT mode.
2026-06-20T16:49:10.195+03:00  INFO 34936 --- [hotelhub] [main] .s.d.r.c.RepositoryConfigurationDelegate : Finished Spring Data repository scanning in 37 ms. Found 4 JPA repository interfaces.
2026-06-20T16:49:10.546+03:00  INFO 34936 --- [hotelhub] [main] o.s.boot.tomcat.TomcatWebServer          : Tomcat initialized with port 8080 (http)
2026-06-20T16:49:10.556+03:00  INFO 34936 --- [hotelhub] [main] o.apache.catalina.core.StandardService   : Starting service [Tomcat]
2026-06-20T16:49:10.556+03:00  INFO 34936 --- [hotelhub] [main] o.apache.catalina.core.StandardEngine    : Starting Servlet engine: [Apache Tomcat/11.0.20]
2026-06-20T16:49:10.588+03:00  INFO 34936 --- [hotelhub] [main] b.w.c.s.WebApplicationContextInitializer : Root WebApplicationContext: initialization completed in 873 ms
2026-06-20T16:49:10.680+03:00  INFO 34936 --- [hotelhub] [main] org.hibernate.orm.jpa                    : HHH008540: Processing PersistenceUnitInfo [name: default]
2026-06-20T16:49:10.713+03:00  INFO 34936 --- [hotelhub] [main] org.hibernate.orm.core                   : HHH000001: Hibernate ORM core version 7.2.7.Final
2026-06-20T16:49:11.020+03:00  INFO 34936 --- [hotelhub] [main] o.s.o.j.p.SpringPersistenceUnitInfo      : No LoadTimeWeaver setup: ignoring JPA class transformer
2026-06-20T16:49:11.044+03:00  INFO 34936 --- [hotelhub] [main] com.zaxxer.hikari.HikariDataSource       : HikariPool-1 - Starting...
2026-06-20T16:49:11.145+03:00  INFO 34936 --- [hotelhub] [main] com.zaxxer.hikari.pool.HikariPool        : HikariPool-1 - Added connection org.postgresql.jdbc.PgConnection@1a06602f
2026-06-20T16:49:11.147+03:00  INFO 34936 --- [hotelhub] [main] com.zaxxer.hikari.HikariDataSource       : HikariPool-1 - Start completed.
2026-06-20T16:49:11.191+03:00  INFO 34936 --- [hotelhub] [main] org.hibernate.orm.connections.pooling    : HHH10001005: Database info:
	Database JDBC URL [jdbc:postgresql://localhost:5432/hotelHub]
	Database driver: PostgreSQL JDBC Driver
	Database dialect: PostgreSQLDialect
	Database version: 18.3
	Default catalog/schema: hotelHub/public
	Autocommit mode: undefined/unknown
	Isolation level: READ_COMMITTED [default READ_COMMITTED]
	JDBC fetch size: none
	Pool: DataSourceConnectionProvider
	Minimum pool size: undefined/unknown
	Maximum pool size: undefined/unknown
2026-06-20T16:49:11.923+03:00  INFO 34936 --- [hotelhub] [main] org.hibernate.orm.core                   : HHH000489: No JTA platform available (set 'hibernate.transaction.jta.platform' to enable JTA platform integration)
2026-06-20T16:49:11.981+03:00  INFO 34936 --- [hotelhub] [main] j.LocalContainerEntityManagerFactoryBean : Initialized JPA EntityManagerFactory for persistence unit 'default'
2026-06-20T16:49:12.020+03:00  INFO 34936 --- [hotelhub] [main] o.s.d.j.r.query.QueryEnhancerFactories   : Hibernate is in classpath; If applicable, HQL parser will be used.
2026-06-20T16:49:12.127+03:00  WARN 34936 --- [hotelhub] [main] JpaBaseConfiguration$JpaWebConfiguration : spring.jpa.open-in-view is enabled by default. Therefore, database queries may be performed during view rendering. Explicitly configure spring.jpa.open-in-view to disable this warning
2026-06-20T16:49:12.805+03:00  INFO 34936 --- [hotelhub] [main] eAuthenticationProviderManagerConfigurer : Global AuthenticationManager configured with AuthenticationProvider bean with name authenticationProvider
2026-06-20T16:49:12.806+03:00  WARN 34936 --- [hotelhub] [main] r$InitializeUserDetailsManagerConfigurer : Global AuthenticationManager configured with an AuthenticationProvider bean. UserDetailsService beans will not be used by Spring Security for automatically configuring username/password login. Consider removing the AuthenticationProvider bean. Alternatively, consider using the UserDetailsService in a manually instantiated DaoAuthenticationProvider. If the current configuration is intentional, to turn off this warning, increase the logging level of 'org.springframework.security.config.annotation.authentication.configuration.InitializeUserDetailsBeanManagerConfigurer' to ERROR
2026-06-20T16:49:13.154+03:00  INFO 34936 --- [hotelhub] [main] o.s.boot.tomcat.TomcatWebServer          : Tomcat started on port 8080 (http) with context path '/'
2026-06-20T16:49:13.156+03:00  INFO 34936 --- [hotelhub] [main] o.s.a.r.c.CachingConnectionFactory       : Attempting to connect to: [localhost:5672]
2026-06-20T16:49:13.174+03:00  INFO 34936 --- [hotelhub] [main] o.s.a.r.l.SimpleMessageListenerContainer : Broker not available; cannot force queue declarations during start: java.io.IOException
2026-06-20T16:49:13.180+03:00  INFO 34936 --- [hotelhub] [org.springframework.amqp.rabbit.RabbitListenerEndpointContainer#0-1] o.s.a.r.c.CachingConnectionFactory       : Attempting to connect to: [localhost:5672]
2026-06-20T16:49:13.184+03:00 ERROR 34936 --- [hotelhub] [org.springframework.amqp.rabbit.RabbitListenerEndpointContainer#0-1] o.s.a.r.l.SimpleMessageListenerContainer : Failed to check/redeclare auto-delete queue(s).

org.springframework.amqp.AmqpIOException: java.io.IOException
	at org.springframework.amqp.rabbit.support.RabbitExceptionTranslator.convertRabbitAccessException(RabbitExceptionTranslator.java:69) ~[spring-rabbit-4.0.2.jar:4.0.2]
	at org.springframework.amqp.rabbit.connection.AbstractConnectionFactory.createBareConnection(AbstractConnectionFactory.java:629) ~[spring-rabbit-4.0.2.jar:4.0.2]
	at org.springframework.amqp.rabbit.connection.CachingConnectionFactory.createConnection(CachingConnectionFactory.java:745) ~[spring-rabbit-4.0.2.jar:4.0.2]
	at org.springframework.amqp.rabbit.connection.ConnectionFactoryUtils.createConnection(ConnectionFactoryUtils.java:256) ~[spring-rabbit-4.0.2.jar:4.0.2]
	at org.springframework.amqp.rabbit.core.RabbitTemplate.doExecute(RabbitTemplate.java:2241) ~[spring-rabbit-4.0.2.jar:4.0.2]
	at org.springframework.amqp.rabbit.core.RabbitTemplate.execute(RabbitTemplate.java:2213) ~[spring-rabbit-4.0.2.jar:4.0.2]
	at org.springframework.amqp.rabbit.core.RabbitTemplate.execute(RabbitTemplate.java:2193) ~[spring-rabbit-4.0.2.jar:4.0.2]
	at org.springframework.amqp.rabbit.core.RabbitAdmin.getQueueInfo(RabbitAdmin.java:472) ~[spring-rabbit-4.0.2.jar:4.0.2]
	at org.springframework.amqp.rabbit.core.RabbitAdmin.getQueueProperties(RabbitAdmin.java:456) ~[spring-rabbit-4.0.2.jar:4.0.2]
	at org.springframework.amqp.rabbit.listener.AbstractMessageListenerContainer.attemptDeclarations(AbstractMessageListenerContainer.java:1959) ~[spring-rabbit-4.0.2.jar:4.0.2]
	at org.springframework.amqp.rabbit.listener.AbstractMessageListenerContainer.redeclareElementsIfNecessary(AbstractMessageListenerContainer.java:1923) ~[spring-rabbit-4.0.2.jar:4.0.2]
	at org.springframework.amqp.rabbit.listener.SimpleMessageListenerContainer$AsyncMessageProcessingConsumer.initialize(SimpleMessageListenerContainer.java:1523) ~[spring-rabbit-4.0.2.jar:4.0.2]
	at org.springframework.amqp.rabbit.listener.SimpleMessageListenerContainer$AsyncMessageProcessingConsumer.run(SimpleMessageListenerContainer.java:1356) ~[spring-rabbit-4.0.2.jar:4.0.2]
	at java.base/java.lang.Thread.run(Thread.java:1583) ~[na:na]
Caused by: java.io.IOException
	at com.rabbitmq.client.impl.AMQChannel.wrap(AMQChannel.java:140) ~[amqp-client-5.27.1.jar:5.27.1]
	at com.rabbitmq.client.impl.AMQChannel.wrap(AMQChannel.java:136) ~[amqp-client-5.27.1.jar:5.27.1]
	at com.rabbitmq.client.impl.AMQConnection.start(AMQConnection.java:414) ~[amqp-client-5.27.1.jar:5.27.1]
	at com.rabbitmq.client.ConnectionFactory.newConnection(ConnectionFactory.java:1357) ~[amqp-client-5.27.1.jar:5.27.1]
	at com.rabbitmq.client.ConnectionFactory.newConnection(ConnectionFactory.java:1297) ~[amqp-client-5.27.1.jar:5.27.1]
	at org.springframework.amqp.rabbit.connection.AbstractConnectionFactory.connectAddresses(AbstractConnectionFactory.java:676) ~[spring-rabbit-4.0.2.jar:4.0.2]
	at org.springframework.amqp.rabbit.connection.AbstractConnectionFactory.connect(AbstractConnectionFactory.java:644) ~[spring-rabbit-4.0.2.jar:4.0.2]
	at org.springframework.amqp.rabbit.connection.AbstractConnectionFactory.createBareConnection(AbstractConnectionFactory.java:590) ~[spring-rabbit-4.0.2.jar:4.0.2]
	... 12 common frames omitted
Caused by: com.rabbitmq.client.ShutdownSignalException: connection error
	at com.rabbitmq.utility.ValueOrException.getValue(ValueOrException.java:66) ~[amqp-client-5.27.1.jar:5.27.1]
	at com.rabbitmq.utility.BlockingValueOrException.uninterruptibleGetValue(BlockingValueOrException.java:36) ~[amqp-client-5.27.1.jar:5.27.1]
	at com.rabbitmq.client.impl.AMQChannel$BlockingRpcContinuation.getReply(AMQChannel.java:552) ~[amqp-client-5.27.1.jar:5.27.1]
	at com.rabbitmq.client.impl.AMQConnection.start(AMQConnection.java:341) ~[amqp-client-5.27.1.jar:5.27.1]
	... 17 common frames omitted
Caused by: java.io.EOFException
	at java.base/java.io.DataInputStream.readUnsignedByte(DataInputStream.java:297) ~[na:na]
	at com.rabbitmq.client.impl.Frame.readFrom(Frame.java:92) ~[amqp-client-5.27.1.jar:5.27.1]
	at com.rabbitmq.client.impl.SocketFrameHandler.readFrame(SocketFrameHandler.java:199) ~[amqp-client-5.27.1.jar:5.27.1]
	at com.rabbitmq.client.impl.AMQConnection$MainLoop.run(AMQConnection.java:694) ~[amqp-client-5.27.1.jar:5.27.1]
	... 1 common frames omitted

2026-06-20T16:49:13.187+03:00  INFO 34936 --- [hotelhub] [org.springframework.amqp.rabbit.RabbitListenerEndpointContainer#0-1] o.s.a.r.c.CachingConnectionFactory       : Attempting to connect to: [localhost:5672]
2026-06-20T16:49:13.194+03:00  INFO 34936 --- [hotelhub] [main] c.example.hotelhub.HotelhubApplication   : Started HotelhubApplication in 3.804 seconds (process running for 4.207)
2026-06-20T16:49:18.273+03:00  WARN 34936 --- [hotelhub] [org.springframework.amqp.rabbit.RabbitListenerEndpointContainer#0-1] o.s.a.r.l.SimpleMessageListenerContainer : Consumer raised exception, processing can restart if the connection factory supports it

org.springframework.amqp.AmqpIOException: java.io.IOException
	at org.springframework.amqp.rabbit.support.RabbitExceptionTranslator.convertRabbitAccessException(RabbitExceptionTranslator.java:69) ~[spring-rabbit-4.0.2.jar:4.0.2]
	at org.springframework.amqp.rabbit.connection.AbstractConnectionFactory.createBareConnection(AbstractConnectionFactory.java:629) ~[spring-rabbit-4.0.2.jar:4.0.2]
	at org.springframework.amqp.rabbit.connection.CachingConnectionFactory.createConnection(CachingConnectionFactory.java:745) ~[spring-rabbit-4.0.2.jar:4.0.2]
	at org.springframework.amqp.rabbit.connection.ConnectionFactoryUtils.createConnection(ConnectionFactoryUtils.java:256) ~[spring-rabbit-4.0.2.jar:4.0.2]
	at org.springframework.amqp.rabbit.connection.ConnectionFactoryUtils$RabbitResourceFactory.createConnection(ConnectionFactoryUtils.java:330) ~[spring-rabbit-4.0.2.jar:4.0.2]
	at org.springframework.amqp.rabbit.connection.ConnectionFactoryUtils.doGetTransactionalResourceHolder(ConnectionFactoryUtils.java:139) ~[spring-rabbit-4.0.2.jar:4.0.2]
	at org.springframework.amqp.rabbit.connection.ConnectionFactoryUtils.getTransactionalResourceHolder(ConnectionFactoryUtils.java:100) ~[spring-rabbit-4.0.2.jar:4.0.2]
	at org.springframework.amqp.rabbit.connection.ConnectionFactoryUtils.getTransactionalResourceHolder(ConnectionFactoryUtils.java:83) ~[spring-rabbit-4.0.2.jar:4.0.2]
	at org.springframework.amqp.rabbit.listener.BlockingQueueConsumer.start(BlockingQueueConsumer.java:631) ~[spring-rabbit-4.0.2.jar:4.0.2]
	at org.springframework.amqp.rabbit.listener.SimpleMessageListenerContainer$AsyncMessageProcessingConsumer.initialize(SimpleMessageListenerContainer.java:1524) ~[spring-rabbit-4.0.2.jar:4.0.2]
	at org.springframework.amqp.rabbit.listener.SimpleMessageListenerContainer$AsyncMessageProcessingConsumer.run(SimpleMessageListenerContainer.java:1356) ~[spring-rabbit-4.0.2.jar:4.0.2]
	at java.base/java.lang.Thread.run(Thread.java:1583) ~[na:na]
Caused by: java.io.IOException
	at com.rabbitmq.client.impl.AMQChannel.wrap(AMQChannel.java:140) ~[amqp-client-5.27.1.jar:5.27.1]
	at com.rabbitmq.client.impl.AMQChannel.wrap(AMQChannel.java:136) ~[amqp-client-5.27.1.jar:5.27.1]
	at com.rabbitmq.client.impl.AMQConnection.start(AMQConnection.java:414) ~[amqp-client-5.27.1.jar:5.27.1]
	at com.rabbitmq.client.ConnectionFactory.newConnection(ConnectionFactory.java:1357) ~[amqp-client-5.27.1.jar:5.27.1]
	at com.rabbitmq.client.ConnectionFactory.newConnection(ConnectionFactory.java:1297) ~[amqp-client-5.27.1.jar:5.27.1]
	at org.springframework.amqp.rabbit.connection.AbstractConnectionFactory.connectAddresses(AbstractConnectionFactory.java:676) ~[spring-rabbit-4.0.2.jar:4.0.2]
	at org.springframework.amqp.rabbit.connection.AbstractConnectionFactory.connect(AbstractConnectionFactory.java:644) ~[spring-rabbit-4.0.2.jar:4.0.2]
	at org.springframework.amqp.rabbit.connection.AbstractConnectionFactory.createBareConnection(AbstractConnectionFactory.java:590) ~[spring-rabbit-4.0.2.jar:4.0.2]
	... 10 common frames omitted
Caused by: com.rabbitmq.client.ShutdownSignalException: connection error
	at com.rabbitmq.utility.ValueOrException.getValue(ValueOrException.java:66) ~[amqp-client-5.27.1.jar:5.27.1]
	at com.rabbitmq.utility.BlockingValueOrException.uninterruptibleGetValue(BlockingValueOrException.java:36) ~[amqp-client-5.27.1.jar:5.27.1]
	at com.rabbitmq.client.impl.AMQChannel$BlockingRpcContinuation.getReply(AMQChannel.java:552) ~[amqp-client-5.27.1.jar:5.27.1]
	at com.rabbitmq.client.impl.AMQConnection.start(AMQConnection.java:341) ~[amqp-client-5.27.1.jar:5.27.1]
	... 15 common frames omitted
Caused by: java.io.EOFException
	at java.base/java.io.DataInputStream.readUnsignedByte(DataInputStream.java:297) ~[na:na]
	at com.rabbitmq.client.impl.Frame.readFrom(Frame.java:92) ~[amqp-client-5.27.1.jar:5.27.1]
	at com.rabbitmq.client.impl.SocketFrameHandler.readFrame(SocketFrameHandler.java:199) ~[amqp-client-5.27.1.jar:5.27.1]
	at com.rabbitmq.client.impl.AMQConnection$MainLoop.run(AMQConnection.java:694) ~[amqp-client-5.27.1.jar:5.27.1]
	... 1 common frames omitted

2026-06-20T16:49:18.275+03:00  INFO 34936 --- [hotelhub] [org.springframework.amqp.rabbit.RabbitListenerEndpointContainer#0-1] o.s.a.r.l.SimpleMessageListenerContainer : Restarting Consumer@723c6a25: tags=[[]], channel=null, acknowledgeMode=AUTO local queue size=0
2026-06-20T16:49:18.276+03:00  INFO 34936 --- [hotelhub] [org.springframework.amqp.rabbit.RabbitListenerEndpointContainer#0-2] o.s.a.r.c.CachingConnectionFactory       : Attempting to connect to: [localhost:5672]
2026-06-20T16:49:18.304+03:00  INFO 34936 --- [hotelhub] [org.springframework.amqp.rabbit.RabbitListenerEndpointContainer#0-2] o.s.a.r.c.CachingConnectionFactory       : Created new connection: rabbitConnectionFactory#796ed904:3/SimpleConnection@6cb5d83d [delegate=amqp://admin@127.0.0.1:5672/, localPort=52990]
2026-06-20T16:50:13.682+03:00  INFO 34936 --- [hotelhub] [org.springframework.amqp.rabbit.RabbitListenerEndpointContainer#0-3] o.s.a.r.l.SimpleMessageListenerContainer : Waiting for workers to finish.
2026-06-20T16:50:13.880+03:00  INFO 34936 --- [hotelhub] [org.springframework.amqp.rabbit.RabbitListenerEndpointContainer#0-3] o.s.a.r.l.SimpleMessageListenerContainer : Successfully waited for workers to finish.
2026-06-20T16:50:13.881+03:00  INFO 34936 --- [hotelhub] [SpringApplicationShutdownHook] o.s.boot.tomcat.GracefulShutdown         : Commencing graceful shutdown. Waiting for active requests to complete
2026-06-20T16:50:13.892+03:00  INFO 34936 --- [hotelhub] [tomcat-shutdown] o.s.boot.tomcat.GracefulShutdown         : Graceful shutdown complete
2026-06-20T16:50:13.899+03:00  INFO 34936 --- [hotelhub] [SpringApplicationShutdownHook] j.LocalContainerEntityManagerFactoryBean : Closing JPA EntityManagerFactory for persistence unit 'default'
2026-06-20T16:50:13.900+03:00  INFO 34936 --- [hotelhub] [SpringApplicationShutdownHook] com.zaxxer.hikari.HikariDataSource       : HikariPool-1 - Shutdown initiated...
2026-06-20T16:50:13.901+03:00  INFO 34936 --- [hotelhub] [SpringApplicationShutdownHook] com.zaxxer.hikari.HikariDataSource       : HikariPool-1 - Shutdown completed.
